// Jest Snapshot v1, https://goo.gl/fbAQLP

exports[`Header renders correctly 1`] = `
<header
  className="sc-bdVaJa eusmtr"
>
  <div
    style={
      Object {
        "margin": "0 auto",
        "maxWidth": 960,
        "padding": "1.45rem 1.0875rem",
      }
    }
  >
    <h3
      style={
        Object {
          "margin": 0,
        }
      }
    >
      <a
        href="/"
        style={
          Object {
            "color": "white",
            "textDecoration": "none",
          }
        }
      >
        Default Starter
      </a>
    </h3>
  </div>
</header>
`;
